CMake Warning (dev) in CMakeLists.txt:
  No project() command is present.  The top-level CMakeLists.txt file must
  contain a literal, direct call to the project() command.  Add a line of
  code such as

    project(ProjectName)

  near the top of the file, but after cmake_minimum_required().

  CMake is pretending there is a "project(Project)" command on the first
  line.
This warning is for project developers.  Use -Wno-dev to suppress it.

CMake Warning (dev) in CMakeLists.txt:
  cmake_minimum_required() should be called prior to this top-level project()
  call.  Please see the cmake-commands(7) manual for usage documentation of
  both commands.
This warning is for project developers.  Use -Wno-dev to suppress it.

-- The C compiler identification is GNU 13.3.0
-- The CXX compiler identification is GNU 13.3.0
-- Detecting C compiler ABI info
-- Detecting C compiler ABI info - done
-- Check for working C compiler: /usr/bin/cc - skipped
-- Detecting C compile features
-- Detecting C compile features - done
-- Detecting CXX compiler ABI info
-- Detecting CXX compiler ABI info - done
-- Check for working CXX compiler: /usr/bin/c++ - skipped
-- Detecting CXX compile features
-- Detecting CXX compile features - done
CMake Deprecation Warning at CMakeLists.txt:20 (cmake_minimum_required):
  Compatibility with CMake < 3.5 will be removed from a future version of
  CMake.

  Update the VERSION argument <min> value or use a ...<max> suffix to tell
  CMake that the project does not need compatibility with older versions.


CMake Warning at CMakeLists.txt:22 (find_package):
  By not providing "FindWPEFramework.cmake" in CMAKE_MODULE_PATH this project
  has asked CMake to find a package configuration file provided by
  "WPEFramework", but CMake did not find one.

  Could not find a package configuration file provided by "WPEFramework" with
  any of the following names:

    WPEFrameworkConfig.cmake
    wpeframework-config.cmake

  Add the installation prefix of "WPEFramework" to CMAKE_PREFIX_PATH or set
  "WPEFramework_DIR" to a directory containing one of the above files.  If
  "WPEFramework" provides a separate development package or SDK, be sure it
  has been installed.


CMake Error at CMakeLists.txt:32 (string):
  string no output variable specified


CMake Error at CMakeLists.txt:35 (include):
  include could not find requested file:

    CmakeHelperFunctions


CMake Error at Tests/L1Tests/CMakeLists.txt:25 (find_package):
  By not providing "FindPlugins.cmake" in CMAKE_MODULE_PATH this project has
  asked CMake to find a package configuration file provided by "Plugins", but
  CMake did not find one.

  Could not find a package configuration file provided by "Plugins" with any
  of the following names:

    PluginsConfig.cmake
    plugins-config.cmake

  Add the installation prefix of "Plugins" to CMAKE_PREFIX_PATH or set
  "Plugins_DIR" to a directory containing one of the above files.  If
  "Plugins" provides a separate development package or SDK, be sure it has
  been installed.


-- Configuring incomplete, errors occurred!
